Printing analysis 'Promote Memory to Register' for function 'print':
Pass::print not implemented for pass: 'Promote Memory to Register'!
Printing analysis 'Promote Memory to Register' for function 'bar':
Pass::print not implemented for pass: 'Promote Memory to Register'!
Printing analysis 'Promote Memory to Register' for function 'foo':
Pass::print not implemented for pass: 'Promote Memory to Register'!
Printing analysis 'Replace pointer arithmetic with GEP instructions':

entry:
  ret void

entry:
  br label %for.cond

for.cond:                                         ; preds = %for.inc, %entry
  %i.0 = phi i32 [ 0, %entry ], [ %inc, %for.inc ]
  %cmp = icmp slt i32 %i.0, %y
  br i1 %cmp, label %for.body, label %for.end

for.body:                                         ; preds = %for.cond
  %idxprom = sext i32 %i.0 to i64
  %arrayidx = getelementptr inbounds i8* %x, i64 %idxprom
  %0 = load i8* %arrayidx, align 1
  call void @print(i8 signext %0)
  br label %for.inc

for.inc:                                          ; preds = %for.body
  %inc = add nsw i32 %i.0, 1
  br label %for.cond

for.end:                                          ; preds = %for.cond
  ret i32 1

entry:
  %call = call i32 @bar(i8* %x, i32 %y)
  ret i32 %call
Printing analysis 'Integer live-range splitting' for function 'print':
Pass::print not implemented for pass: 'Integer live-range splitting'!
Printing analysis 'Integer live-range splitting' for function 'bar':
Pass::print not implemented for pass: 'Integer live-range splitting'!
Printing analysis 'Integer live-range splitting' for function 'foo':
Pass::print not implemented for pass: 'Integer live-range splitting'!
Printing analysis 'Symbolic range analysis annotator (metadata)':
Pass::print not implemented for pass: 'Symbolic range analysis annotator (metadata)'!
Printing analysis 'Determine whether and how to annotate each function with length information.':
print with argument 0 should be annotated No length value.
bar with argument 0 should be annotated Parameter length of 1.
bar with argument 1 should be annotated No length value.
foo with argument 0 should be annotated Parameter length of 1.
foo with argument 1 should be annotated No length value.
