Printing analysis 'Promote Memory to Register' for function 'print':
Pass::print not implemented for pass: 'Promote Memory to Register'!
Printing analysis 'Promote Memory to Register' for function 'bar':
Pass::print not implemented for pass: 'Promote Memory to Register'!
Printing analysis 'Promote Memory to Register' for function 'foo':
Pass::print not implemented for pass: 'Promote Memory to Register'!
Printing analysis 'Promote Memory to Register' for function 'baz':
Pass::print not implemented for pass: 'Promote Memory to Register'!
Printing analysis 'Promote Memory to Register' for function 'find':
Pass::print not implemented for pass: 'Promote Memory to Register'!
Printing analysis 'Find each branch used to exit a loop when a sentinel value is found in an array' for function 'print':
Analyzing function: print
	We found: 0 loops
Printing analysis 'Find each branch used to exit a loop when a sentinel value is found in an array' for function 'bar':
Analyzing function: bar
	We found: 1 loops
	There are 1 sentinel checks in this loop(for.cond)
	We can not bypass all sentinel checks.
	Sentinel checks: 
		for.body
Printing analysis 'Find each branch used to exit a loop when a sentinel value is found in an array' for function 'foo':
Analyzing function: foo
	We found: 1 loops
	There are 1 sentinel checks in this loop(for.cond)
	We can not bypass all sentinel checks.
	Sentinel checks: 
		for.body
Printing analysis 'Find each branch used to exit a loop when a sentinel value is found in an array' for function 'baz':
Analyzing function: baz
	We found: 1 loops
	There are 1 sentinel checks in this loop(for.cond)
	We can not bypass all sentinel checks.
	Sentinel checks: 
		for.body
Printing analysis 'Find each branch used to exit a loop when a sentinel value is found in an array' for function 'find':
Analyzing function: find
	We found: 14 loops
	There are 1 sentinel checks in this loop(for.cond)
	We can not bypass all sentinel checks.
	Sentinel checks: 
		for.body
	There are 1 sentinel checks in this loop(for.cond109)
	We can not bypass all sentinel checks.
	Sentinel checks: 
		for.body112
	There are 1 sentinel checks in this loop(for.cond124)
	We can not bypass all sentinel checks.
	Sentinel checks: 
		for.body127
	There are 1 sentinel checks in this loop(for.cond139)
	We can not bypass all sentinel checks.
	Sentinel checks: 
		for.body142
	There are 1 sentinel checks in this loop(for.cond154)
	We can not bypass all sentinel checks.
	Sentinel checks: 
		for.body157
	There are 1 sentinel checks in this loop(for.cond169)
	We can not bypass all sentinel checks.
	Sentinel checks: 
		for.body172
	There are 1 sentinel checks in this loop(for.cond184)
	We can not bypass all sentinel checks.
	Sentinel checks: 
		for.body187
	There are 1 sentinel checks in this loop(for.cond19)
	We can not bypass all sentinel checks.
	Sentinel checks: 
		for.body22
	There are 1 sentinel checks in this loop(for.cond34)
	We can not bypass all sentinel checks.
	Sentinel checks: 
		for.body37
	There are 1 sentinel checks in this loop(for.cond4)
	We can not bypass all sentinel checks.
	Sentinel checks: 
		for.body7
	There are 1 sentinel checks in this loop(for.cond49)
	We can not bypass all sentinel checks.
	Sentinel checks: 
		for.body52
	There are 1 sentinel checks in this loop(for.cond64)
	We can not bypass all sentinel checks.
	Sentinel checks: 
		for.body67
	There are 1 sentinel checks in this loop(for.cond79)
	We can not bypass all sentinel checks.
	Sentinel checks: 
		for.body82
	There are 1 sentinel checks in this loop(for.cond94)
	We can not bypass all sentinel checks.
	Sentinel checks: 
		for.body97
