Printing analysis 'Promote Memory to Register' for function 'find':
Pass::print not implemented for pass: 'Promote Memory to Register'!
Printing analysis 'Promote Memory to Register' for function 'load':
Pass::print not implemented for pass: 'Promote Memory to Register'!
Printing analysis 'Determine whether and how to annotate each function with the null-terminated annotation':
find with argument 0 should be annotated NULL_TERMINATED (2).
