find with argument 0 should be annotated NULL_TERMINATED (Sentinel-terminated by 0)  because found a non optional sentinel check for string in find
e with argument 0 should be annotated NULL_TERMINATED (Sentinel-terminated by 0)  because  found a call to find passing string
d with argument 0 should be annotated NULL_TERMINATED (Sentinel-terminated by 0)  because  found a call to e passing string
c with argument 0 should be annotated NULL_TERMINATED (Sentinel-terminated by 0)  because  found a call to d passing string
b with argument 0 should be annotated NULL_TERMINATED (Sentinel-terminated by 0)  because  found a call to c passing string
a with argument 0 should be annotated NULL_TERMINATED (Sentinel-terminated by 0)  because  found a call to b passing string
